// Jest Snapshot v1, https://goo.gl/fbAQLP

exports[`<PriceTag> renders properly 1`] = `
<div
  class="PriceTag"
>
  $199
</div>
`;
