// Jest Snapshot v1, https://goo.gl/fbAQLP

exports[`<SectionTitle> renders properly 1`] = `
<h1
  class="SectionTitle"
>
  SmartWatch X
</h1>
`;
