// Jest Snapshot v1, https://goo.gl/fbAQLP

exports[`<Tagline> renders properly 1`] = `
<h2
  class="Tagline"
>
  Smart tech wrapping your wrist
</h2>
`;
